20:52:15 **** Auto Build of configuration Debug for project AXI_DMA_OV7725 ****
make pre-build main-build 
a9-linaro-pre-build-step
' '
'Building file: ../src/I2C_8bit.c'
'Invoking: ARM v7 gcc compiler'
arm-none-eabi-gcc -Wall -O0 -g3 -c -fmessage-length=0 -MT"src/I2C_8bit.o" -mcpu=cortex-a9 -mfpu=vfpv3 -mfloat-abi=hard -I../../AXI_DMA_OV7725_bsp/ps7_cortexa9_0/include -MMD -MP -MF"src/I2C_8bit.d" -MT"src/I2C_8bit.o" -o "src/I2C_8bit.o" "../src/I2C_8bit.c"
../src/I2C_8bit.c: In function 'I2C_read':
../src/I2C_8bit.c:176:39: warning: passing argument 3 of 'I2C_write_byte' makes pointer from integer without a cast [-Wint-conversion]
  if(I2C_write_byte(InstancePtr,OV_CAM,addr,1) != XST_SUCCESS)
                                       ^~~~
../src/I2C_8bit.c:138:5: note: expected 'void *' but argument is of type 'u8 {aka unsigned char}'
 int I2C_write_byte(XIicPs *InstancePtr,u8 sensor_slave_addr,void *write_byte,int byte_num)
     ^~~~~~~~~~~~~~
'Finished building: ../src/I2C_8bit.c'
' '
'Building file: ../src/dma_intr.c'
'Invoking: ARM v7 gcc compiler'
arm-none-eabi-gcc -Wall -O0 -g3 -c -fmessage-length=0 -MT"src/dma_intr.o" -mcpu=cortex-a9 -mfpu=vfpv3 -mfloat-abi=hard -I../../AXI_DMA_OV7725_bsp/ps7_cortexa9_0/include -MMD -MP -MF"src/dma_intr.d" -MT"src/dma_intr.o" -o "src/dma_intr.o" "../src/dma_intr.c"
../src/dma_intr.c: In function 'DMA_TxIntrHandler':
../src/dma_intr.c:107:6: warning: unused variable 'TimeOut' [-Wunused-variable]
  int TimeOut;
      ^~~~~~~
../src/dma_intr.c: In function 'DMA_RxIntrHandler':
../src/dma_intr.c:180:6: warning: unused variable 'TimeOut' [-Wunused-variable]
  int TimeOut;
      ^~~~~~~
'Finished building: ../src/dma_intr.c'
' '
'Building file: ../src/main.c'
'Invoking: ARM v7 gcc compiler'
arm-none-eabi-gcc -Wall -O0 -g3 -c -fmessage-length=0 -MT"src/main.o" -mcpu=cortex-a9 -mfpu=vfpv3 -mfloat-abi=hard -I../../AXI_DMA_OV7725_bsp/ps7_cortexa9_0/include -MMD -MP -MF"src/main.d" -MT"src/main.o" -o "src/main.o" "../src/main.c"
../src/main.c: In function 'init_intr_sys':
../src/main.c:36:2: warning: implicit declaration of function 'Setup_Intr_Exception' [-Wimplicit-function-declaration]
  Setup_Intr_Exception(&Intc);
  ^~~~~~~~~~~~~~~~~~~~
../src/main.c: In function 'main':
../src/main.c:69:2: warning: this 'while' clause does not guard... [-Wmisleading-indentation]
  while (1) ;
  ^~~~~
../src/main.c:70:3: note: ...this statement, but the latter is misleadingly indented as if it is guarded by the 'while'
   return XST_SUCCESS;
   ^~~~~~
../src/main.c:45:6: warning: variable 'Status' set but not used [-Wunused-but-set-variable]
  u32 Status;
      ^~~~~~
../src/main.c: In function 'init_intr_sys':
../src/main.c:39:1: warning: control reaches end of non-void function [-Wreturn-type]
 }
 ^
'Finished building: ../src/main.c'
' '
'Building file: ../src/sys_intr.c'
'Invoking: ARM v7 gcc compiler'
arm-none-eabi-gcc -Wall -O0 -g3 -c -fmessage-length=0 -MT"src/sys_intr.o" -mcpu=cortex-a9 -mfpu=vfpv3 -mfloat-abi=hard -I../../AXI_DMA_OV7725_bsp/ps7_cortexa9_0/include -MMD -MP -MF"src/sys_intr.d" -MT"src/sys_intr.o" -o "src/sys_intr.o" "../src/sys_intr.c"
'Finished building: ../src/sys_intr.c'
' '
'Building target: AXI_DMA_OV7725.elf'
'Invoking: ARM v7 gcc linker'
arm-none-eabi-gcc -mcpu=cortex-a9 -mfpu=vfpv3 -mfloat-abi=hard -Wl,-build-id=none -specs=Xilinx.spec -Wl,-T -Wl,../src/lscript.ld -L../../AXI_DMA_OV7725_bsp/ps7_cortexa9_0/lib -o "AXI_DMA_OV7725.elf"  ./src/I2C_8bit.o ./src/dma_intr.o ./src/main.o ./src/sys_intr.o   -Wl,--start-group,-lxil,-lgcc,-lc,--end-group
'Finished building target: AXI_DMA_OV7725.elf'
' '
'Invoking: ARM v7 Print Size'
arm-none-eabi-size AXI_DMA_OV7725.elf  |tee "AXI_DMA_OV7725.elf.size"
   text	   data	    bss	    dec	    hex	filename
  42304	   2964	  24440	  69708	  1104c	AXI_DMA_OV7725.elf
'Finished building: AXI_DMA_OV7725.elf.size'
' '

20:52:25 Build Finished (took 10s.199ms)

